exports[`test Testing app 1`] = `
<h1>
  Hello world
</h1>
`;
